TABLE_CATALOG,TABLE_SCHEMA,TABLE_NAME,COLUMN_NAME,ORDINAL_POSITION,DATA_TYPE,CHARACTER_MAXIMUM_LENGTH
ORD_Singh_201911038D,Dflt,_A00_RFSPADETrgPos_Y201617_01_04_Cohort,patientSSN,1,varchar,50
ORD_Singh_201911038D,Dflt,_A00_RFSPADETrgPos_Y201617_01_04_Cohort,EDDateTime,2,datetime2,NULL
ORD_Singh_201911038D,Dflt,_A00_RFSPADETrgPos_Y201617_01_04_Cohort,EDVisitReason,3,varchar,50
ORD_Singh_201911038D,Dflt,_A00_RFSPADETrgPos_Y201617_01_04_Cohort,admitDateTime,4,datetime2,NULL
ORD_Singh_201911038D,Dflt,_A00_RFSPADETrgPos_Y201617_01_04_Cohort,outpatVisitSID,5,bigint,NULL
ORD_Singh_201911038D,Dflt,_A00_RFSPADETrgPos_Y201617_01_04_Cohort,inpatientsid,6,bigint,NULL
ORD_Singh_201911038D,Dflt,_A00_RFSPADETrgPos_Y201617_01_04_Cohort,patientsid,7,int,NULL
ORD_Singh_201911038D,Dflt,_A00_RFSPADETrgPos_Y201617_01_04_Cohort,sta3n,8,smallint,NULL
ORD_Singh_201911038D,Dflt,_A00_RFSPADETrgPos_Y201617_01_04_Cohort,studyID,9,int,NULL
ORD_Singh_201911038D,Dflt,_A00_RFSPADETrgPos_Y201617_02_04_Demorgraphics,patientSSN,1,varchar,50
ORD_Singh_201911038D,Dflt,_A00_RFSPADETrgPos_Y201617_02_04_Demorgraphics,IndexDateTime,2,datetime2,NULL
ORD_Singh_201911038D,Dflt,_A00_RFSPADETrgPos_Y201617_02_04_Demorgraphics,DOB,3,datetime2,NULL
ORD_Singh_201911038D,Dflt,_A00_RFSPADETrgPos_Y201617_02_04_Demorgraphics,Gender,4,char,1
ORD_Singh_201911038D,Dflt,_A00_RFSPADETrgPos_Y201617_02_04_Demorgraphics,Ethnicity,5,varchar,50
ORD_Singh_201911038D,Dflt,_A00_RFSPADETrgPos_Y201617_02_04_Demorgraphics,Race,6,varchar,50
ORD_Singh_201911038D,Dflt,_A00_RFSPADETrgPos_Y201617_04_04_Lab,PatientSSN,1,varchar,50
ORD_Singh_201911038D,Dflt,_A00_RFSPADETrgPos_Y201617_04_04_Lab,LabChemSpecimenDateTime,2,datetime2,NULL
ORD_Singh_201911038D,Dflt,_A00_RFSPADETrgPos_Y201617_04_04_Lab,LabChemResultValue,3,varchar,100
ORD_Singh_201911038D,Dflt,_A00_RFSPADETrgPos_Y201617_04_04_Lab,LabChemResultNumericValue,4,decimal,NULL
ORD_Singh_201911038D,Dflt,_A00_RFSPADETrgPos_Y201617_04_04_Lab,Abnormal,5,varchar,50
ORD_Singh_201911038D,Dflt,_A00_RFSPADETrgPos_Y201617_04_04_Lab,LabChemTestName,6,varchar,50
ORD_Singh_201911038D,Dflt,_A00_RFSPADETrgPos_Y201617_04_04_Lab,LOINC,7,varchar,50
ORD_Singh_201911038D,Dflt,_A00_RFSPADETrgPos_Y201617_04_04_Lab,LabChemSID,8,bigint,NULL
ORD_Singh_201911038D,Dflt,_A00_RFSPADETrgPos_Y201617_04_04_Lab,Sta3n,9,smallint,NULL
ORD_Singh_201911038D,Dflt,_A00_RFSPADETrgPos_Y201617_04_04_Lab,LabChemTestSID,10,int,NULL
ORD_Singh_201911038D,Dflt,_A00_RFSPADETrgPos_Y201617_04_04_Lab,PatientSID,11,int,NULL
ORD_Singh_201911038D,Dflt,_A00_RFSPADETrgPos_Y201617_05_04_Rad,PatientSSN,1,varchar,50
ORD_Singh_201911038D,Dflt,_A00_RFSPADETrgPos_Y201617_05_04_Rad,ExamDateTime,2,datetime2,NULL
ORD_Singh_201911038D,Dflt,_A00_RFSPADETrgPos_Y201617_05_04_Rad,CPTCode,3,char,5
ORD_Singh_201911038D,Dflt,_A00_RFSPADETrgPos_Y201617_05_04_Rad,CPTName,4,varchar,50
ORD_Singh_201911038D,Dflt,_A00_RFSPADETrgPos_Y201617_05_04_Rad,RadiologyDiagnosticCode,5,varchar,100
ORD_Singh_201911038D,Dflt,_A00_RFSPADETrgPos_Y201617_05_04_Rad,RadiologyExamSID,6,bigint,NULL
ORD_Singh_201911038D,Dflt,_A00_RFSPADETrgPos_Y201617_05_04_Rad,Sta3n,7,smallint,NULL
ORD_Singh_201911038D,Dflt,_A00_RFSPADETrgPos_Y201617_05_04_Rad,PatientSID,8,int,NULL
ORD_Singh_201911038D,Dflt,_A00_RFSPADETrgPos_Y201617_05_04_Rad,RadiologyProcedureSID,9,int,NULL
ORD_Singh_201911038D,Dflt,_A00_RFSPADETrgPos_Y201617_06_Med_04_RxOutpat,PatientSSN,1,varchar,50
ORD_Singh_201911038D,Dflt,_A00_RFSPADETrgPos_Y201617_06_Med_04_RxOutpat,IssueDateTime,2,datetime,NULL
ORD_Singh_201911038D,Dflt,_A00_RFSPADETrgPos_Y201617_06_Med_04_RxOutpat,DrugClass,3,varchar,50
ORD_Singh_201911038D,Dflt,_A00_RFSPADETrgPos_Y201617_06_Med_04_RxOutpat,LocalDrugNameWithDose,4,varchar,100
ORD_Singh_201911038D,Dflt,_A00_RFSPADETrgPos_Y201617_06_Med_04_RxOutpat,NationalDrugNameWithDose,5,varchar,100
ORD_Singh_201911038D,Dflt,_A00_RFSPADETrgPos_Y201617_06_Med_04_RxOutpat,NDC,6,varchar,50
ORD_Singh_201911038D,Dflt,_A00_RFSPADETrgPos_Y201617_06_Med_04_RxOutpat,Sta3n,7,smallint,NULL
ORD_Singh_201911038D,Dflt,_A00_RFSPADETrgPos_Y201617_06_Med_04_RxOutpat,PatientSID,8,int,NULL
ORD_Singh_201911038D,Dflt,_A00_RFSPADETrgPos_Y201617_06_Med_04_RxOutpat,RxOutpatSID,9,bigint,NULL
ORD_Singh_201911038D,Dflt,_A00_RFSPADETrgPos_Y201617_06_Med_04_RxOutpat,LocalDrugSID,10,int,NULL
ORD_Singh_201911038D,Dflt,_A00_RFSPADETrgPos_Y201617_06_Med_05_BCMA,ActionDateTime,1,datetime2,NULL
ORD_Singh_201911038D,Dflt,_A00_RFSPADETrgPos_Y201617_06_Med_05_BCMA,PatientSSN,2,varchar,50
ORD_Singh_201911038D,Dflt,_A00_RFSPADETrgPos_Y201617_06_Med_05_BCMA,Sta3n,3,smallint,NULL
ORD_Singh_201911038D,Dflt,_A00_RFSPADETrgPos_Y201617_06_Med_05_BCMA,PatientSID,4,int,NULL
ORD_Singh_201911038D,Dflt,_A00_RFSPADETrgPos_Y201617_06_Med_05_BCMA,DrugClass,5,varchar,50
ORD_Singh_201911038D,Dflt,_A00_RFSPADETrgPos_Y201617_06_Med_05_BCMA,LocalDrugNameWithDose,6,varchar,100
ORD_Singh_201911038D,Dflt,_A00_RFSPADETrgPos_Y201617_06_Med_05_BCMA,NationalDrugNameWithDose,7,varchar,100
ORD_Singh_201911038D,Dflt,_A00_RFSPADETrgPos_Y201617_06_Med_05_BCMA,NDC,8,varchar,50
ORD_Singh_201911038D,Dflt,_A00_RFSPADETrgPos_Y201617_06_Med_05_BCMA,BCMADispensedDrugSID,9,bigint,NULL
ORD_Singh_201911038D,Dflt,_A00_RFSPADETrgPos_Y201617_06_Med_05_BCMA,LocalDrugSID,10,int,NULL
ORD_Singh_201911038D,Dflt,_A00_RFSPADETrgPos_Y201617_06_Med_06_NonVAMed,StartDateTime,1,datetime2,NULL
ORD_Singh_201911038D,Dflt,_A00_RFSPADETrgPos_Y201617_06_Med_06_NonVAMed,PatientSSN,2,varchar,50
ORD_Singh_201911038D,Dflt,_A00_RFSPADETrgPos_Y201617_06_Med_06_NonVAMed,Sta3n,3,smallint,NULL
ORD_Singh_201911038D,Dflt,_A00_RFSPADETrgPos_Y201617_06_Med_06_NonVAMed,PatientSID,4,int,NULL
ORD_Singh_201911038D,Dflt,_A00_RFSPADETrgPos_Y201617_06_Med_06_NonVAMed,DrugClass,5,varchar,50
ORD_Singh_201911038D,Dflt,_A00_RFSPADETrgPos_Y201617_06_Med_06_NonVAMed,LocalDrugNameWithDose,6,varchar,100
ORD_Singh_201911038D,Dflt,_A00_RFSPADETrgPos_Y201617_06_Med_06_NonVAMed,NationalDrugNameWithDose,7,varchar,100
ORD_Singh_201911038D,Dflt,_A00_RFSPADETrgPos_Y201617_06_Med_06_NonVAMed,NDC,8,varchar,50
ORD_Singh_201911038D,Dflt,_A00_RFSPADETrgPos_Y201617_06_Med_06_NonVAMed,NonVAMedSID,9,bigint,NULL
ORD_Singh_201911038D,Dflt,_A00_RFSPADETrgPos_Y201617_06_Med_06_NonVAMed,LocalDrugSID,10,int,NULL
ORD_Singh_201911038D,Dflt,_A00_RFSPADETrgPos_Y201617_06_Med_07_AllMed,PatientSSN,1,varchar,50
ORD_Singh_201911038D,Dflt,_A00_RFSPADETrgPos_Y201617_06_Med_07_AllMed,IssueDateTime,2,datetime2,NULL
ORD_Singh_201911038D,Dflt,_A00_RFSPADETrgPos_Y201617_06_Med_07_AllMed,DrugClass,3,varchar,50
ORD_Singh_201911038D,Dflt,_A00_RFSPADETrgPos_Y201617_06_Med_07_AllMed,LocalDrugNameWithDose,4,varchar,100
ORD_Singh_201911038D,Dflt,_A00_RFSPADETrgPos_Y201617_06_Med_07_AllMed,NationalDrugNameWithDose,5,varchar,100
ORD_Singh_201911038D,Dflt,_A00_RFSPADETrgPos_Y201617_06_Med_07_AllMed,NDC,6,varchar,50
ORD_Singh_201911038D,Dflt,_A00_RFSPADETrgPos_Y201617_06_Med_07_AllMed,Sta3n,7,smallint,NULL
ORD_Singh_201911038D,Dflt,_A00_RFSPADETrgPos_Y201617_06_Med_07_AllMed,PatientSID,8,int,NULL
ORD_Singh_201911038D,Dflt,_A00_RFSPADETrgPos_Y201617_06_Med_07_AllMed,UniqueSID,9,bigint,NULL
ORD_Singh_201911038D,Dflt,_A00_RFSPADETrgPos_Y201617_06_Med_07_AllMed,src,10,varchar,8
ORD_Singh_201911038D,Dflt,_A00_RFSPADETrgPos_Y201617_06_Med_07_AllMed,LocalDrugSID,11,int,NULL
ORD_Singh_201911038D,Dflt,_A00_RFSPADETrgPos_Y201617_08_Consult,PatientSSN,1,varchar,50
ORD_Singh_201911038D,Dflt,_A00_RFSPADETrgPos_Y201617_08_Consult,Sta3n,2,smallint,NULL
ORD_Singh_201911038D,Dflt,_A00_RFSPADETrgPos_Y201617_08_Consult,PatientSID,3,int,NULL
ORD_Singh_201911038D,Dflt,_A00_RFSPADETrgPos_Y201617_08_Consult,requestType,4,varchar,50
ORD_Singh_201911038D,Dflt,_A00_RFSPADETrgPos_Y201617_08_Consult,ConStopCode,5,smallint,NULL
ORD_Singh_201911038D,Dflt,_A00_RFSPADETrgPos_Y201617_08_Consult,ConStopCodeName,6,varchar,50
ORD_Singh_201911038D,Dflt,_A00_RFSPADETrgPos_Y201617_08_Consult,ToRequestServiceName,7,varchar,100
ORD_Singh_201911038D,Dflt,_A00_RFSPADETrgPos_Y201617_08_Consult,CPRSOrderResultsDateTime,8,smalldatetime,NULL
ORD_Singh_201911038D,Dflt,_A00_RFSPADETrgPos_Y201617_08_Consult,ConsultSID,9,bigint,NULL
ORD_Singh_201911038D,Dflt,_A00_RFSPADETrgPos_Y201617_08_Consult,ToRequestserviceSID,10,int,NULL
ORD_Singh_201911038D,Dflt,_A00_RFSPADETrgPos_Y201617_12_ICD,PatientSSN,1,varchar,50
ORD_Singh_201911038D,Dflt,_A00_RFSPADETrgPos_Y201617_12_ICD,DiagDateTime,2,datetime2,NULL
ORD_Singh_201911038D,Dflt,_A00_RFSPADETrgPos_Y201617_12_ICD,ICD,3,varchar,50
ORD_Singh_201911038D,Dflt,_A00_RFSPADETrgPos_Y201617_12_ICD,ICDDiagnosis,4,varchar,255
ORD_Singh_201911038D,Dflt,_A00_RFSPADETrgPos_Y201617_12_ICD,IsPrincipalDiag,5,int,NULL
ORD_Singh_201911038D,Dflt,_A00_RFSPADETrgPos_Y201617_14_Vital,PatientSSN,1,varchar,50
ORD_Singh_201911038D,Dflt,_A00_RFSPADETrgPos_Y201617_14_Vital,VitalSignTakenDateTime,2,datetime2,NULL
ORD_Singh_201911038D,Dflt,_A00_RFSPADETrgPos_Y201617_14_Vital,VitalType,3,varchar,50
ORD_Singh_201911038D,Dflt,_A00_RFSPADETrgPos_Y201617_14_Vital,VitalResult,4,varchar,50
ORD_Singh_201911038D,Dflt,_A00_RFSPADETrgPos_Y201617_14_Vital,VitalResultNumeric,5,decimal,NULL
ORD_Singh_201911038D,Dflt,_A00_RFSPADETrgPos_Y201617_14_Vital,Systolic,6,smallint,NULL
ORD_Singh_201911038D,Dflt,_A00_RFSPADETrgPos_Y201617_14_Vital,Diastolic,7,smallint,NULL
ORD_Singh_201911038D,Dflt,_A00_RFSPADETrgPos_Y201617_14_Vital,SupplementalO2,8,varchar,100
ORD_Singh_201911038D,Dflt,_A00_RFSPADETrgPos_Y201617_14_Vital,LocationSID,9,int,NULL
ORD_Singh_201911038D,Dflt,_A00_RFSPADETrgPos_Y201617_14_Vital,VitalSignSID,10,bigint,NULL
ORD_Singh_201911038D,Dflt,_A00_RFSPADETrgPos_Y201617_14_Vital,Sta3n,11,smallint,NULL
ORD_Singh_201911038D,Dflt,_A00_RFSPADETrgPos_Y201617_14_Vital,PatientSID,12,int,NULL
ORD_Singh_201911038D,Dflt,_A00_RFSPADETrgPos_Y201617_16_HealthFactor,PatientSSN,1,varchar,50
ORD_Singh_201911038D,Dflt,_A00_RFSPADETrgPos_Y201617_16_HealthFactor,HealthFactorType,2,varchar,255
ORD_Singh_201911038D,Dflt,_A00_RFSPADETrgPos_Y201617_16_HealthFactor,EventDateTime,3,datetime2,NULL
ORD_Singh_201911038D,Dflt,_A00_RFSPADETrgPos_Y201617_16_HealthFactor,VisitDateTime,4,datetime2,NULL
ORD_Singh_201911038D,Dflt,_A00_RFSPADETrgPos_Y201617_16_HealthFactor,HealthFactorDateTime,5,datetime2,NULL
ORD_Singh_201911038D,Dflt,_A00_RFSPADETrgPos_Y201617_16_HealthFactor,LevelSeverity,6,varchar,50
ORD_Singh_201911038D,Dflt,_A00_RFSPADETrgPos_Y201617_16_HealthFactor,VisitSID,7,bigint,NULL
ORD_Singh_201911038D,Dflt,_A00_RFSPADETrgPos_Y201617_16_HealthFactor,VerifiedStatus,8,varchar,50
ORD_Singh_201911038D,Dflt,_A00_RFSPADETrgPos_Y201617_16_HealthFactor,Comments,9,varchar,255
ORD_Singh_201911038D,Dflt,_A00_RFSPADETrgPos_Y201617_16_HealthFactor,Sta3n,10,smallint,NULL
ORD_Singh_201911038D,Dflt,_A00_RFSPADETrgPos_Y201617_16_HealthFactor,PatientSID,11,int,NULL
ORD_Singh_201911038D,Dflt,_A00_RFSPADETrgPos_Y201617_16_HealthFactor,HealthFactorSID,12,bigint,NULL
ORD_Singh_201911038D,Dflt,_A00_RFSPADETrgPos_Y201617_30_Note,PatientSSN,1,varchar,50
ORD_Singh_201911038D,Dflt,_A00_RFSPADETrgPos_Y201617_30_Note,EntryDateTime,2,datetime2,NULL
ORD_Singh_201911038D,Dflt,_A00_RFSPADETrgPos_Y201617_30_Note,TIUDocumentSID,3,bigint,NULL
ORD_Singh_201911038D,Dflt,_A00_RFSPADETrgPos_Y201617_30_Note,TIUStandardTitle,4,varchar,100
ORD_Singh_201911038D,Dflt,_A00_RFSPADETrgPos_Y201617_30_Note,ReportText,5,varchar,-1
ORD_Singh_201911038D,Dflt,_A00_RFSPADETrgPos_Y201617_30_Note,Sta3n,6,smallint,NULL
ORD_Singh_201911038D,Dflt,_A00_RFSPADETrgPos_Y201617_30_Note,PatientSID,7,int,NULL
ORD_Singh_201911038D,Dflt,_A00Justin_StrokeEDInpat_Y201617_ICD,StudyID,1,bigint,NULL
ORD_Singh_201911038D,Dflt,_A00Justin_StrokeEDInpat_Y201617_ICD,src,2,varchar,5
ORD_Singh_201911038D,Dflt,_A00Justin_StrokeEDInpat_Y201617_ICD,DiagDateTime,3,datetime2,NULL
ORD_Singh_201911038D,Dflt,_A00Justin_StrokeEDInpat_Y201617_ICD,ICD,4,varchar,50
ORD_Singh_201911038D,Dflt,_A00Justin_StrokeEDInpat_Y201617_ICD,EventSID,5,bigint,NULL
ORD_Singh_201911038D,Dflt,_A00Justin_StrokeEDInpat_Y201617_ICD,OrdinalNumber,6,int,NULL
ORD_Singh_201911038D,Dflt,_A00Justin_StrokeEDInpat_Y201617_ICD,dataSource,7,varchar,30
ORD_Singh_201911038D,Dflt,_A00Justin_StrokeEDInpat_Y201617_Lab,StudyID,1,bigint,NULL
ORD_Singh_201911038D,Dflt,_A00Justin_StrokeEDInpat_Y201617_Lab,LabChemSpecimenDateTime,2,datetime2,NULL
ORD_Singh_201911038D,Dflt,_A00Justin_StrokeEDInpat_Y201617_Lab,LabChemResultValue,3,varchar,100
ORD_Singh_201911038D,Dflt,_A00Justin_StrokeEDInpat_Y201617_Lab,Abnormal,4,varchar,50
ORD_Singh_201911038D,Dflt,_A00Justin_StrokeEDInpat_Y201617_Lab,LabChemTestSID,5,int,NULL
ORD_Singh_201911038D,Dflt,_A00Justin_StrokeEDInpat_Y201617_Note_truncated,StudyID,1,bigint,NULL
ORD_Singh_201911038D,Dflt,_A00Justin_StrokeEDInpat_Y201617_Note_truncated,PatientSSN,2,varchar,50
ORD_Singh_201911038D,Dflt,_A00Justin_StrokeEDInpat_Y201617_Note_truncated,EntryDateTime,3,datetime2,NULL
ORD_Singh_201911038D,Dflt,_A00Justin_StrokeEDInpat_Y201617_Note_truncated,TIUDocumentSID,4,bigint,NULL
ORD_Singh_201911038D,Dflt,_A00Justin_StrokeEDInpat_Y201617_Note_truncated,TIUStandardTitle,5,varchar,100
ORD_Singh_201911038D,Dflt,_A00Justin_StrokeEDInpat_Y201617_Note_truncated,ReportText,6,varchar,-1
ORD_Singh_201911038D,Dflt,_A00Justin_StrokeEDInpat_Y201617_Note_truncated,Src,7,varchar,5

(141 rows affected)


Completion time: 2022-02-02T16:18:34.2291764-06:00
